// Jest Snapshot v1, https://goo.gl/fbAQLP

exports[`renders correctly 1`] = `
<RCTSafeAreaView
  emulateUnlessSupported={true}
  style={
    Object {
      "backgroundColor": "#FFF",
      "color": "#000",
      "flex": 1,
      "flexDirection": "column",
    }
  }
>
  <View
    style={
      Object {
        "alignItems": "center",
        "borderBottomColor": "rgba(189, 195, 199,0.6)",
        "borderBottomWidth": 1,
        "flexDirection": "row",
        "height": 60,
      }
    }
  >
    <View
      accessible={true}
      focusable={true}
      isTVSelectable={true}
      onClick={[Function]}
      onResponderGrant={[Function]}
      onResponderMove={[Function]}
      onResponderRelease={[Function]}
      onResponderTerminate={[Function]}
      onResponderTerminationRequest={[Function]}
      onStartShouldSetResponder={[Function]}
      style={
        Object {
          "height": 60,
          "opacity": 1,
          "paddingLeft": 20,
          "paddingTop": 21,
          "width": 60,
        }
      }
    >
      <Image
        source={
          Object {
            "testUri": "../../../app/assets/images/backArrow.png",
          }
        }
        style={
          Object {
            "height": 18,
            "width": 18.48,
          }
        }
      />
    </View>
    <Text
      style={
        Object {
          "fontFamily": "OpenSans-Bold",
          "fontSize": 24,
        }
      }
    >
      CHECK OVERLAP
    </Text>
  </View>
  <MapView
    initialRegion={
      Object {
        "latitude": 36.56,
        "latitudeDelta": 50,
        "longitude": 20.39,
        "longitudeDelta": 50,
      }
    }
    provider="google"
    style={
      Object {
        "alignSelf": "center",
        "flex": 1,
        "flexDirection": "column",
        "padding": 20,
        "textAlignVertical": "top",
        "width": "96%",
      }
    }
  />
  <View
    style={
      Object {
        "alignSelf": "center",
        "flex": 1,
        "flexDirection": "column",
        "padding": 20,
        "textAlignVertical": "top",
        "width": "96%",
      }
    }
  >
    <View
      accessible={true}
      focusable={true}
      isTVSelectable={true}
      onClick={[Function]}
      onResponderGrant={[Function]}
      onResponderMove={[Function]}
      onResponderRelease={[Function]}
      onResponderTerminate={[Function]}
      onResponderTerminationRequest={[Function]}
      onStartShouldSetResponder={[Function]}
      style={
        Object {
          "alignSelf": "center",
          "backgroundColor": "#665eff",
          "borderRadius": 12,
          "height": 52,
          "justifyContent": "center",
          "marginTop": 30,
          "opacity": 1,
          "width": 589.9499999999999,
        }
      }
    >
      <Text
        style={
          Object {
            "color": "#ffffff",
            "fontFamily": "OpenSans-Bold",
            "fontSize": 14,
            "letterSpacing": 0,
            "lineHeight": 19,
            "textAlign": "center",
          }
        }
      >
        Show Me Trace Overlap
      </Text>
    </View>
    <Text
      style={
        Object {
          "fontFamily": "OpenSans-Regular",
          "fontSize": 16,
          "lineHeight": 24,
          "marginTop": 12,
        }
      }
    >
      This map shows where your private location trail overlaps with public data from a variety of sources, including official reports from WHO, Ministries of Health, and Chinese local, provincial, and national health authorities. If additional data are available from reliable online reports, they are included.
    </Text>
  </View>
</RCTSafeAreaView>
`;
